error[E0658]: `cfg(target_has_atomic)` is experimental and subject to change (see issue #32976)
  --> $DIR/feature-gate-cfg-target-has-atomic.rs:25:7
   |
LL | #[cfg(target_has_atomic = "8")]
   |       ^^^^^^^^^^^^^^^^^^^^^^^
   |
   = help: add #![feature(cfg_target_has_atomic)] to the crate attributes to enable

error[E0658]: `cfg(target_has_atomic)` is experimental and subject to change (see issue #32976)
  --> $DIR/feature-gate-cfg-target-has-atomic.rs:31:7
   |
LL | #[cfg(target_has_atomic = "8")]
   |       ^^^^^^^^^^^^^^^^^^^^^^^
   |
   = help: add #![feature(cfg_target_has_atomic)] to the crate attributes to enable

error[E0658]: `cfg(target_has_atomic)` is experimental and subject to change (see issue #32976)
  --> $DIR/feature-gate-cfg-target-has-atomic.rs:36:7
   |
LL | #[cfg(target_has_atomic = "16")]
   |       ^^^^^^^^^^^^^^^^^^^^^^^^
   |
   = help: add #![feature(cfg_target_has_atomic)] to the crate attributes to enable

error[E0658]: `cfg(target_has_atomic)` is experimental and subject to change (see issue #32976)
  --> $DIR/feature-gate-cfg-target-has-atomic.rs:41:7
   |
LL | #[cfg(target_has_atomic = "16")]
   |       ^^^^^^^^^^^^^^^^^^^^^^^^
   |
   = help: add #![feature(cfg_target_has_atomic)] to the crate attributes to enable

error[E0658]: `cfg(target_has_atomic)` is experimental and subject to change (see issue #32976)
  --> $DIR/feature-gate-cfg-target-has-atomic.rs:46:7
   |
LL | #[cfg(target_has_atomic = "32")]
   |       ^^^^^^^^^^^^^^^^^^^^^^^^
   |
   = help: add #![feature(cfg_target_has_atomic)] to the crate attributes to enable

error[E0658]: `cfg(target_has_atomic)` is experimental and subject to change (see issue #32976)
  --> $DIR/feature-gate-cfg-target-has-atomic.rs:51:7
   |
LL | #[cfg(target_has_atomic = "32")]
   |       ^^^^^^^^^^^^^^^^^^^^^^^^
   |
   = help: add #![feature(cfg_target_has_atomic)] to the crate attributes to enable

error[E0658]: `cfg(target_has_atomic)` is experimental and subject to change (see issue #32976)
  --> $DIR/feature-gate-cfg-target-has-atomic.rs:56:7
   |
LL | #[cfg(target_has_atomic = "64")]
   |       ^^^^^^^^^^^^^^^^^^^^^^^^
   |
   = help: add #![feature(cfg_target_has_atomic)] to the crate attributes to enable

error[E0658]: `cfg(target_has_atomic)` is experimental and subject to change (see issue #32976)
  --> $DIR/feature-gate-cfg-target-has-atomic.rs:61:7
   |
LL | #[cfg(target_has_atomic = "64")]
   |       ^^^^^^^^^^^^^^^^^^^^^^^^
   |
   = help: add #![feature(cfg_target_has_atomic)] to the crate attributes to enable

error[E0658]: `cfg(target_has_atomic)` is experimental and subject to change (see issue #32976)
  --> $DIR/feature-gate-cfg-target-has-atomic.rs:66:7
   |
LL | #[cfg(target_has_atomic = "128")]
   |       ^^^^^^^^^^^^^^^^^^^^^^^^^
   |
   = help: add #![feature(cfg_target_has_atomic)] to the crate attributes to enable

error[E0658]: `cfg(target_has_atomic)` is experimental and subject to change (see issue #32976)
  --> $DIR/feature-gate-cfg-target-has-atomic.rs:71:7
   |
LL | #[cfg(target_has_atomic = "128")]
   |       ^^^^^^^^^^^^^^^^^^^^^^^^^
   |
   = help: add #![feature(cfg_target_has_atomic)] to the crate attributes to enable

error[E0658]: `cfg(target_has_atomic)` is experimental and subject to change (see issue #32976)
  --> $DIR/feature-gate-cfg-target-has-atomic.rs:76:7
   |
LL | #[cfg(target_has_atomic = "ptr")]
   |       ^^^^^^^^^^^^^^^^^^^^^^^^^
   |
   = help: add #![feature(cfg_target_has_atomic)] to the crate attributes to enable

error[E0658]: `cfg(target_has_atomic)` is experimental and subject to change (see issue #32976)
  --> $DIR/feature-gate-cfg-target-has-atomic.rs:81:7
   |
LL | #[cfg(target_has_atomic = "ptr")]
   |       ^^^^^^^^^^^^^^^^^^^^^^^^^
   |
   = help: add #![feature(cfg_target_has_atomic)] to the crate attributes to enable

error[E0658]: `cfg(target_has_atomic)` is experimental and subject to change (see issue #32976)
  --> $DIR/feature-gate-cfg-target-has-atomic.rs:88:10
   |
LL |     cfg!(target_has_atomic = "8");
   |          ^^^^^^^^^^^^^^^^^^^^^^^
   |
   = help: add #![feature(cfg_target_has_atomic)] to the crate attributes to enable

error[E0658]: `cfg(target_has_atomic)` is experimental and subject to change (see issue #32976)
  --> $DIR/feature-gate-cfg-target-has-atomic.rs:90:10
   |
LL |     cfg!(target_has_atomic = "16");
   |          ^^^^^^^^^^^^^^^^^^^^^^^^
   |
   = help: add #![feature(cfg_target_has_atomic)] to the crate attributes to enable

error[E0658]: `cfg(target_has_atomic)` is experimental and subject to change (see issue #32976)
  --> $DIR/feature-gate-cfg-target-has-atomic.rs:92:10
   |
LL |     cfg!(target_has_atomic = "32");
   |          ^^^^^^^^^^^^^^^^^^^^^^^^
   |
   = help: add #![feature(cfg_target_has_atomic)] to the crate attributes to enable

error[E0658]: `cfg(target_has_atomic)` is experimental and subject to change (see issue #32976)
  --> $DIR/feature-gate-cfg-target-has-atomic.rs:94:10
   |
LL |     cfg!(target_has_atomic = "64");
   |          ^^^^^^^^^^^^^^^^^^^^^^^^
   |
   = help: add #![feature(cfg_target_has_atomic)] to the crate attributes to enable

error[E0658]: `cfg(target_has_atomic)` is experimental and subject to change (see issue #32976)
  --> $DIR/feature-gate-cfg-target-has-atomic.rs:96:10
   |
LL |     cfg!(target_has_atomic = "128");
   |          ^^^^^^^^^^^^^^^^^^^^^^^^^
   |
   = help: add #![feature(cfg_target_has_atomic)] to the crate attributes to enable

error[E0658]: `cfg(target_has_atomic)` is experimental and subject to change (see issue #32976)
  --> $DIR/feature-gate-cfg-target-has-atomic.rs:98:10
   |
LL |     cfg!(target_has_atomic = "ptr");
   |          ^^^^^^^^^^^^^^^^^^^^^^^^^
   |
   = help: add #![feature(cfg_target_has_atomic)] to the crate attributes to enable

error: aborting due to 18 previous errors

For more information about this error, try `rustc --explain E0658`.
